[20:12:54] [Render thread/INFO] [JMLogger] JourneyMap log initialized.
[20:12:54] [Render thread/INFO] [JourneymapClient] initialize ENTER
[20:12:54] [Render thread/INFO] [ClientAPI] [ClientAPI] built with JourneyMap API 1.9-SNAPSHOT
[20:12:54] [Render thread/INFO] [PluginHelper] Initializing plugins with Client API: journeymap.client.api.impl.ClientAPI
[20:12:54] [Render thread/INFO] [PluginHelper] Initialized IClientPlugin: com.tom.createores.jm.JMPlugin
[20:12:54] [Render thread/INFO] [PluginHelper] Initialized IClientPlugin: net.blay09.mods.waystones.compat.JourneyMapIntegration
[20:12:54] [Render thread/INFO] [PluginHelper] Initialized IClientPlugin: me.frankv.jmi.JMIJourneyMapPlugin
[20:12:54] [Render thread/DEBUG] [JourneymapClient] Loading and Generating Journeymap configs
[20:12:54] [Render thread/INFO] [?] Version: JourneyMap 1.20.1-5.10.3, built with forge 1.20.1-47.2.30
forge: 47.4.6
Environment: os.name, os.arch, java.version, user.country, user.language=null, game language=en_us, locale=en_us
Features: 
	RadarPlayers : singleplayer = true , multiplayer = true
	RadarAnimals : singleplayer = true , multiplayer = true
	RadarMobs : singleplayer = true , multiplayer = true
	RadarVillagers : singleplayer = true , multiplayer = true
	MapTopo : singleplayer = true , multiplayer = true
	MapSurface : singleplayer = true , multiplayer = true
	MapCaves : singleplayer = true , multiplayer = true
	MapBiome : singleplayer = true , multiplayer = true
MiniMapProperties{state=Valid, file=journeymap.minimap.config, configVersion=5.10.3, zoomLevel=0, compassFontScale=1.0, terrainAlpha=100, showEntityNames=true, positionX=0.9, positionY=0.25, effectVertical=false, showPlayerHeading=true, sizePercent=30, playerDisplayScale=1.0, showDayNight=true, showPets=true, preferredMapType=night, showCompass=true, mobDisplay=jm.common.entity_display.dots, systemTimeRealFormat=HH:mm:ss, shape=jm.minimap.shape_circle, showSelf=true, selfDisplayScale=1.0, showGrid=true, reticleOrientation=jm.minimap.orientation.compass, gameTimeRealFormat=HH:mm:ss, effectTranslateX=0, showWaypoints=true, minimapKeyMovementSpeed=0.001, showAnimals=true, infoSlotAlpha=0.7, effectTranslateY=0, showWaypointLabels=true, moveEffectIcons=true, position=jm.minimap.position_topright, fontScale=1.0, showPlayers=true, waypointIconScale=1.0, frameAlpha=100, effectReversed=false, backgroundAlpha=0.8, enabled=true, showVillagers=true, info2Label=jm.theme.labelsource.gametime, info3Label=jm.theme.labelsource.location, showMobs=true, waypointLabelScale=1.0, showReticle=true, orientation=jm.minimap.orientation.north, info4Label=jm.theme.labelsource.biome, locationFormat=xzyv, playerDisplay=jm.common.entity_display.dots, mobDisplayScale=1.0, showCaves=true, showMobHeading=true, locationFormatVerbose=true, info1Label=jm.theme.labelsource.blank}
MiniMapProperties{state=Valid, file=journeymap.minimap2.config, configVersion=5.10.3, zoomLevel=0, compassFontScale=1.0, terrainAlpha=100, showEntityNames=true, positionX=0.9, positionY=0.25, effectVertical=false, showPlayerHeading=true, sizePercent=30, playerDisplayScale=1.0, showDayNight=true, showPets=true, preferredMapType=day, showCompass=true, mobDisplay=jm.common.entity_display.dots, systemTimeRealFormat=HH:mm:ss, shape=jm.minimap.shape_rectangle, showSelf=true, selfDisplayScale=1.0, showGrid=true, reticleOrientation=jm.minimap.orientation.compass, gameTimeRealFormat=HH:mm:ss, effectTranslateX=0, showWaypoints=true, minimapKeyMovementSpeed=0.001, showAnimals=true, infoSlotAlpha=0.7, effectTranslateY=0, showWaypointLabels=true, moveEffectIcons=true, position=jm.minimap.position_topright, fontScale=1.0, showPlayers=true, waypointIconScale=1.0, frameAlpha=100, effectReversed=false, backgroundAlpha=0.8, enabled=true, showVillagers=true, info2Label=jm.theme.labelsource.gametime, info3Label=jm.theme.labelsource.location, showMobs=true, waypointLabelScale=1.0, showReticle=true, orientation=jm.minimap.orientation.north, info4Label=jm.theme.labelsource.biome, locationFormat=xzyv, playerDisplay=jm.common.entity_display.dots, mobDisplayScale=1.0, showCaves=true, showMobHeading=true, locationFormatVerbose=true, info1Label=jm.theme.labelsource.blank}
FullMapProperties{state=Valid, file=journeymap.fullmap.config, configVersion=5.10.3, zoomLevel=0, showPlayers=true, waypointIconScale=1.0, showEntityNames=true, showPlayerHeading=true, showVillagers=true, showPlayerLoc=true, showKeys=true, playerDisplayScale=1.0, showMobs=true, showPets=true, waypointLabelScale=1.0, preferredMapType=day, mobDisplay=jm.common.entity_display.dots, showSelf=true, locationFormat=xzyv, playerDisplay=jm.common.entity_display.dots, mobDisplayScale=1.0, selfDisplayScale=1.0, showGrid=true, showMouseLoc=true, showWaypoints=true, showCaves=true, showAnimals=true, showMobHeading=true, showWaypointLabels=true, locationFormatVerbose=true, fontScale=1.0}
WaypointProperties{state=Valid, file=journeymap.waypoint.config, configVersion=5.10.3, autoRemoveDeathpointDistance=2, dateFormat=MM-dd-yyyy, autoRemoveDeathpoints=false, fullscreenDoubleClickToCreate=true, managerDimensionFocus=false, minDistance=4, boldLabel=false, textureSmall=true, showDeathpointlabel=true, beaconEnabled=true, createDeathpoints=true, showName=true, disableStrikeThrough=false, maxDistance=0, autoHideLabel=true, autoRemoveTempWaypoints=2, teleportCommand=/tp {name} {x} {y} {z}, showStaticBeam=true, shaderBeacon=false, timeFormat=HH:mm:ss, showDeviationLabel=false, showDistance=true, showRotatingBeam=true, fontScale=2.0, showTexture=true, managerEnabled=true}
WebMapProperties{state=Valid, file=journeymap.webmap.config, configVersion=5.10.3, port=8080, enabled=false}
CoreProperties{state=Valid, file=journeymap.core.config, configVersion=5.10.3, verboseColorPalette=false, maxPlayersData=32, mapSurfaceAboveCaves=true, dataCachingEnabled=true, optionsManagerViewed=5.10.3, announceMod=true, colorPassive=#bbbbbb, mapBlendWater=false, renderDistanceSurfaceMax=0, seedId=false, radarVerticalDistance=16, mapBlendGrass=true, recordCacheStats=false, hideSneakingEntities=true, revealShape=jm.minimap.shape_circle, mapBiome=true, alwaysMapSurface=false, colorVillager=#88e188, mapPlants=false, colorPet=#0077ff, radarLateralDistance=64, mapBathymetry=false, mapCrops=true, maxMobsData=32, mapPlantShadows=false, alwaysMapCaves=false, checkUpdates=true, mapBlendFoliage=true, hideSpectators=false, mappingEnabled=true, colorPlayer=#ffffff, tileHighDisplayQuality=true, cacheVillagersData=2200, logLevel=INFO, maxVillagersData=32, mapWaterBiomeColors=false, maxAnimalsData=32, mapTransparency=true, caveBlackAsClear=false, tileRenderType=1, caveIgnoreGlass=true, mapTopography=true, renderDistanceCaveMax=0, mapAntialiasing=true, colorSelf=#0000ff, cachePlayersData=2000, cacheMobsData=3000, cachePlayerData=1000, splashViewed=5.10.3, colorHostile=#ff0000, cacheAnimalsData=3100, themeName=OceanMonument, mapCaveLighting=true, renderDelay=2, glErrorChecking=false, autoMapPoll=2000}
[20:12:54] [Render thread/DEBUG] [ForgeEventHandlerManager] Handler registered: journeymap.client.event.forge.ForgeKeyEvents
[20:12:54] [Render thread/DEBUG] [ForgeEventHandlerManager] Handler registered: journeymap.client.event.forge.ForgeChatEvents
[20:12:54] [Render thread/DEBUG] [ForgeEventHandlerManager] Handler registered: journeymap.client.event.forge.ForgeHudOverlayEvents
[20:12:54] [Render thread/DEBUG] [ForgeEventHandlerManager] Handler registered: journeymap.client.event.forge.ForgeWorldEvent
[20:12:54] [Render thread/DEBUG] [ForgeEventHandlerManager] Handler registered: journeymap.client.event.forge.ForgeChunkEvents
[20:12:54] [Render thread/DEBUG] [ForgeEventHandlerManager] Handler registered: journeymap.client.event.forge.ForgeClientTickEvent
[20:12:54] [Render thread/DEBUG] [ForgeEventHandlerManager] Handler registered: journeymap.client.event.forge.ForgeRenderLevelLastEvent
[20:12:54] [Render thread/DEBUG] [ForgeEventHandlerManager] Handler registered: journeymap.client.event.forge.ForgeLoggedInEvent
[20:12:54] [Render thread/DEBUG] [ForgeEventHandlerManager] Handler registered: journeymap.client.event.forge.ForgeTextureStitchedEvent
[20:12:54] [Render thread/DEBUG] [ForgeEventHandlerManager] Handler registered: journeymap.client.event.forge.ForgePopupCustomEvents
[20:12:54] [Render thread/INFO] [JourneymapClient] initialize EXIT, elapsed count 1 avg 109.42ms
[20:13:05] [Render thread/INFO] [JourneymapClient] Journeymap PostInit
[20:13:05] [Render thread/DEBUG] [JourneymapClient] postInitialize ENTER
[20:13:05] [Render thread/TRACE] [ThemeLoader] Initializing themes ...
[20:13:05] [Render thread/INFO] [ThemeLoader] Preloaded theme textures: 73
[20:13:05] [Render thread/INFO] [JourneymapClient] postInitialize EXIT, elapsed count 1 avg 154.12ms
[20:14:14] [Netty Client IO #2/INFO] [ForgeConfig] Loading JourneyMap Forge Configs
[20:14:26] [Render thread/INFO] [WaypointStore] Loaded 0 waypoints from C:\Users\Silvaria Zemaitis\AppData\Roaming\PrismLauncher\instances\IridescentCraft\minecraft\journeymap\data\mp\Iridescentcraft\waypoints
[20:14:26] [Render thread/INFO] [JourneymapClient] Mapping started in C:\Users\Silvaria Zemaitis\AppData\Roaming\PrismLauncher\instances\IridescentCraft\minecraft\journeymap\data\mp\Iridescentcraft\overworld. Memory: 7056MB total, 1305MB free 
[20:14:28] [Render thread/INFO] [JourneymapClient] Mapping halted in C:\Users\Silvaria Zemaitis\AppData\Roaming\PrismLauncher\instances\IridescentCraft\minecraft\journeymap\data\mp\Iridescentcraft\minecraft:overworld
[20:14:28] [Render thread/INFO] [JourneymapClient] World UID is set to: a776de9e-2c8a-4f0f-b0b7-7cc73ee05b75
[20:14:47] [Render thread/INFO] [ModBlockDelegate] Custom modded block handling enabled for create
[20:14:47] [Render thread/INFO] [ModBlockDelegate] Custom modded block handling enabled for biomesoplenty
[20:14:47] [Render thread/INFO] [WaypointStore] Loaded 0 waypoints from C:\Users\Silvaria Zemaitis\AppData\Roaming\PrismLauncher\instances\IridescentCraft\minecraft\journeymap\data\mp\Iridescentcraft_a776de9e~2c8a~4f0f~b0b7~7cc73ee05b75\waypoints
[20:14:47] [Render thread/INFO] [JourneymapClient] Mapping started in C:\Users\Silvaria Zemaitis\AppData\Roaming\PrismLauncher\instances\IridescentCraft\minecraft\journeymap\data\mp\Iridescentcraft_a776de9e~2c8a~4f0f~b0b7~7cc73ee05b75\overworld. Memory: 7056MB total, 2093MB free 
[20:17:19] [Render thread/WARN] [JMLogger] Can't get entityTexture for forbidden_arcanus:textures/entity_icon/lost_soul/lost_soul.png
[20:17:19] [Render thread/WARN] [JMLogger] Can't get entityTexture for naturalist:textures/entity_icon/bird/robin.png
[20:17:19] [Render thread/WARN] [JMLogger] Can't get entityTexture for irons_spellbooks:textures/entity_icon/priest/priest_armored.png
[20:17:19] [Render thread/WARN] [JMLogger] Can't get entityTexture for pridemoths:textures/entity_icon/moth.png
[20:17:19] [Render thread/INFO] [ChatLog] JourneyMap: Press [J]
[20:18:03] [Render thread/WARN] [JMLogger] Can't get entityTexture for naturalist:textures/entity_icon/bird/canary.png
[20:18:21] [Render thread/WARN] [JMLogger] terramity:textures/entities/fairyblue.png doesn't have /entity/ in path, so can't look for /entity_icon/
[20:18:26] [Render thread/WARN] [JMLogger] Can't get entityTexture for naturalist:textures/entity_icon/snail/brown.png
[20:23:03] [Render thread/WARN] [JMLogger] terramity:textures/entities/fairygreen.png doesn't have /entity/ in path, so can't look for /entity_icon/
[20:23:03] [Render thread/WARN] [JMLogger] terramity:textures/entities/gnome.png doesn't have /entity/ in path, so can't look for /entity_icon/
[20:23:03] [Render thread/WARN] [JMLogger] Can't get entityTexture for creeperoverhaul:textures/entity_icon/plains/plains_creeper.png
[20:24:42] [Render thread/WARN] [JMLogger] undead_revamp2:textures/entities/thebomber.png doesn't have /entity/ in path, so can't look for /entity_icon/
[20:24:42] [Render thread/WARN] [JMLogger] enemyexpansion:textures/entities/direwolf.png doesn't have /entity/ in path, so can't look for /entity_icon/
[20:24:57] [Render thread/WARN] [JMLogger] enemyexpansion:textures/entities/meature.png doesn't have /entity/ in path, so can't look for /entity_icon/
[20:25:01] [Render thread/WARN] [JMLogger] undead_revamp2:textures/entities/thehunter.png doesn't have /entity/ in path, so can't look for /entity_icon/
[20:25:09] [Render thread/WARN] [JMLogger] enemyexpansion:textures/entities/huntsman.png doesn't have /entity/ in path, so can't look for /entity_icon/
[20:26:48] [Render thread/WARN] [JMLogger] Can't get entityTexture for alexsmobs:textures/entity_icon/hummingbird_2.png
[20:26:48] [Render thread/WARN] [JMLogger] Can't get entityTexture for alexsmobs:textures/entity_icon/hummingbird_0.png
[20:26:48] [Render thread/WARN] [JMLogger] enemyexpansion:textures/entities/sprinter.png doesn't have /entity/ in path, so can't look for /entity_icon/
[20:27:26] [Render thread/WARN] [JMLogger] Can't get entityTexture for alexsmobs:textures/entity_icon/raccoon.png
[20:27:26] [Render thread/WARN] [JMLogger] enemyexpansion:textures/entities/slugger.png doesn't have /entity/ in path, so can't look for /entity_icon/
[20:29:06] [Render thread/WARN] [JMLogger] Can't get entityTexture for alexsmobs:textures/entity_icon/gelada_monkey_leader_angry.png
[20:29:06] [Render thread/WARN] [JMLogger] Can't get entityTexture for alexsmobs:textures/entity_icon/gelada_monkey.png
[20:29:32] [Render thread/WARN] [JMLogger] Can't get entityTexture for alexsmobs:textures/entity_icon/gelada_monkey_leader.png
[20:29:41] [Render thread/WARN] [JMLogger] Can't get entityTexture for ars_nouveau:textures/entity_icon/whirlisprig_summer.png
[20:32:41] [Render thread/WARN] [JMLogger] Can't get entityTexture for alexsmobs:textures/entity_icon/hummingbird_1.png
[20:32:53] [Render thread/WARN] [JMLogger] Can't get entityTexture for alexsmobs:textures/entity_icon/crow.png
[20:32:53] [Render thread/WARN] [JMLogger] undead_revamp2:textures/entities/emptytexture.png doesn't have /entity/ in path, so can't look for /entity_icon/
[20:32:55] [Render thread/WARN] [JMLogger] Can't get entityTexture for blue_skies:textures/entity_icon/gatekeeper/gatekeeper.png
[20:33:02] [Render thread/WARN] [JMLogger] terramity:textures/entities/fairypink.png doesn't have /entity/ in path, so can't look for /entity_icon/
[20:33:06] [Render thread/WARN] [JMLogger] Can't get entityTexture for alexsmobs:textures/entity_icon/gelada_monkey.png
[20:33:06] [Render thread/WARN] [JMLogger] Can't get entityTexture for alexsmobs:textures/entity_icon/gelada_monkey_leader.png
[20:33:06] [Render thread/WARN] [JMLogger] Can't get entityTexture for ars_nouveau:textures/entity_icon/whirlisprig_summer.png
[20:33:06] [Render thread/WARN] [JMLogger] Can't get entityTexture for irons_spellbooks:textures/entity_icon/priest/priest_armored.png
[20:33:06] [Render thread/WARN] [JMLogger] Can't get entityTexture for alexsmobs:textures/entity_icon/crow.png
[20:33:06] [Render thread/WARN] [JMLogger] terramity:textures/entities/gnome.png doesn't have /entity/ in path, so can't look for /entity_icon/
[20:33:06] [Render thread/WARN] [JMLogger] terramity:textures/entities/fairygreen.png doesn't have /entity/ in path, so can't look for /entity_icon/
[20:33:06] [Render thread/WARN] [JMLogger] terramity:textures/entities/fairypink.png doesn't have /entity/ in path, so can't look for /entity_icon/
[20:33:06] [Render thread/WARN] [JMLogger] undead_revamp2:textures/entities/emptytexture.png doesn't have /entity/ in path, so can't look for /entity_icon/
[20:34:54] [Render thread/INFO] [JourneymapClient] Mapping halted in C:\Users\Silvaria Zemaitis\AppData\Roaming\PrismLauncher\instances\IridescentCraft\minecraft\journeymap\data\mp\Iridescentcraft_a776de9e~2c8a~4f0f~b0b7~7cc73ee05b75\minecraft:overworld
[20:34:56] [Render thread/INFO] [MappingMonitorTask] World ID has been reset.
[20:34:56] [Render thread/INFO] [JourneymapClient] World UID is set to: null
[21:29:11] [Netty Client IO #3/INFO] [ForgeConfig] Loading JourneyMap Forge Configs
[21:29:19] [Render thread/INFO] [WaypointStore] Loaded 0 waypoints from C:\Users\Silvaria Zemaitis\AppData\Roaming\PrismLauncher\instances\IridescentCraft\minecraft\journeymap\data\mp\Iridescentcraft\waypoints
[21:29:19] [Render thread/INFO] [JourneymapClient] Mapping started in C:\Users\Silvaria Zemaitis\AppData\Roaming\PrismLauncher\instances\IridescentCraft\minecraft\journeymap\data\mp\Iridescentcraft\overworld. Memory: 7056MB total, 884MB free 
[21:29:36] [Render thread/INFO] [JourneymapClient] Mapping halted in C:\Users\Silvaria Zemaitis\AppData\Roaming\PrismLauncher\instances\IridescentCraft\minecraft\journeymap\data\mp\Iridescentcraft\minecraft:overworld
[21:29:36] [Render thread/INFO] [JourneymapClient] World UID is set to: a776de9e-2c8a-4f0f-b0b7-7cc73ee05b75
[21:29:37] [Render thread/INFO] [WaypointStore] Loaded 0 waypoints from C:\Users\Silvaria Zemaitis\AppData\Roaming\PrismLauncher\instances\IridescentCraft\minecraft\journeymap\data\mp\Iridescentcraft_a776de9e~2c8a~4f0f~b0b7~7cc73ee05b75\waypoints
[21:29:37] [Render thread/INFO] [JourneymapClient] Mapping started in C:\Users\Silvaria Zemaitis\AppData\Roaming\PrismLauncher\instances\IridescentCraft\minecraft\journeymap\data\mp\Iridescentcraft_a776de9e~2c8a~4f0f~b0b7~7cc73ee05b75\overworld. Memory: 11256MB total, 2823MB free 
[21:30:30] [Render thread/INFO] [JourneymapClient] Mapping halted in C:\Users\Silvaria Zemaitis\AppData\Roaming\PrismLauncher\instances\IridescentCraft\minecraft\journeymap\data\mp\Iridescentcraft_a776de9e~2c8a~4f0f~b0b7~7cc73ee05b75\minecraft:overworld
[21:30:32] [Render thread/INFO] [MappingMonitorTask] World ID has been reset.
[21:30:32] [Render thread/INFO] [JourneymapClient] World UID is set to: null
