[19:46:05] [Render thread/INFO] [JMLogger] JourneyMap log initialized.
[19:46:05] [Render thread/INFO] [JourneymapClient] initialize ENTER
[19:46:05] [Render thread/INFO] [ClientAPI] [ClientAPI] built with JourneyMap API 1.9-SNAPSHOT
[19:46:05] [Render thread/INFO] [PluginHelper] Initializing plugins with Client API: journeymap.client.api.impl.ClientAPI
[19:46:05] [Render thread/INFO] [PluginHelper] Initialized IClientPlugin: com.tom.createores.jm.JMPlugin
[19:46:05] [Render thread/INFO] [PluginHelper] Initialized IClientPlugin: net.blay09.mods.waystones.compat.JourneyMapIntegration
[19:46:05] [Render thread/INFO] [PluginHelper] Initialized IClientPlugin: me.frankv.jmi.JMIJourneyMapPlugin
[19:46:05] [Render thread/DEBUG] [JourneymapClient] Loading and Generating Journeymap configs
[19:46:05] [Render thread/INFO] [?] Version: JourneyMap 1.20.1-5.10.3, built with forge 1.20.1-47.2.30
forge: 47.4.6
Environment: os.name, os.arch, java.version, user.country, user.language=null, game language=en_us, locale=en_us
Features: 
	RadarPlayers : singleplayer = true , multiplayer = true
	RadarAnimals : singleplayer = true , multiplayer = true
	RadarMobs : singleplayer = true , multiplayer = true
	RadarVillagers : singleplayer = true , multiplayer = true
	MapTopo : singleplayer = true , multiplayer = true
	MapSurface : singleplayer = true , multiplayer = true
	MapCaves : singleplayer = true , multiplayer = true
	MapBiome : singleplayer = true , multiplayer = true
MiniMapProperties{state=Valid, file=journeymap.minimap.config, configVersion=5.10.3, zoomLevel=0, compassFontScale=1.0, terrainAlpha=100, showEntityNames=true, positionX=0.9, positionY=0.25, effectVertical=false, showPlayerHeading=true, sizePercent=30, playerDisplayScale=1.0, showDayNight=true, showPets=true, preferredMapType=night, showCompass=true, mobDisplay=jm.common.entity_display.dots, systemTimeRealFormat=HH:mm:ss, shape=jm.minimap.shape_circle, showSelf=true, selfDisplayScale=1.0, showGrid=true, reticleOrientation=jm.minimap.orientation.compass, gameTimeRealFormat=HH:mm:ss, effectTranslateX=0, showWaypoints=true, minimapKeyMovementSpeed=0.001, showAnimals=true, infoSlotAlpha=0.7, effectTranslateY=0, showWaypointLabels=true, moveEffectIcons=true, position=jm.minimap.position_topright, fontScale=1.0, showPlayers=true, waypointIconScale=1.0, frameAlpha=100, effectReversed=false, backgroundAlpha=0.8, enabled=true, showVillagers=true, info2Label=jm.theme.labelsource.gametime, info3Label=jm.theme.labelsource.location, showMobs=true, waypointLabelScale=1.0, showReticle=true, orientation=jm.minimap.orientation.north, info4Label=jm.theme.labelsource.biome, locationFormat=xzyv, playerDisplay=jm.common.entity_display.dots, mobDisplayScale=1.0, showCaves=true, showMobHeading=true, locationFormatVerbose=true, info1Label=jm.theme.labelsource.blank}
MiniMapProperties{state=Valid, file=journeymap.minimap2.config, configVersion=5.10.3, zoomLevel=0, compassFontScale=1.0, terrainAlpha=100, showEntityNames=true, positionX=0.9, positionY=0.25, effectVertical=false, showPlayerHeading=true, sizePercent=30, playerDisplayScale=1.0, showDayNight=true, showPets=true, preferredMapType=night, showCompass=true, mobDisplay=jm.common.entity_display.dots, systemTimeRealFormat=HH:mm:ss, shape=jm.minimap.shape_rectangle, showSelf=true, selfDisplayScale=1.0, showGrid=true, reticleOrientation=jm.minimap.orientation.compass, gameTimeRealFormat=HH:mm:ss, effectTranslateX=0, showWaypoints=true, minimapKeyMovementSpeed=0.001, showAnimals=true, infoSlotAlpha=0.7, effectTranslateY=0, showWaypointLabels=true, moveEffectIcons=true, position=jm.minimap.position_topright, fontScale=1.0, showPlayers=true, waypointIconScale=1.0, frameAlpha=100, effectReversed=false, backgroundAlpha=0.8, enabled=true, showVillagers=true, info2Label=jm.theme.labelsource.gametime, info3Label=jm.theme.labelsource.location, showMobs=true, waypointLabelScale=1.0, showReticle=true, orientation=jm.minimap.orientation.north, info4Label=jm.theme.labelsource.biome, locationFormat=xzyv, playerDisplay=jm.common.entity_display.dots, mobDisplayScale=1.0, showCaves=true, showMobHeading=true, locationFormatVerbose=true, info1Label=jm.theme.labelsource.blank}
FullMapProperties{state=Valid, file=journeymap.fullmap.config, configVersion=5.10.3, zoomLevel=0, showPlayers=true, waypointIconScale=1.0, showEntityNames=true, showPlayerHeading=true, showVillagers=true, showPlayerLoc=true, showKeys=true, playerDisplayScale=1.0, showMobs=true, showPets=true, waypointLabelScale=1.0, preferredMapType=day, mobDisplay=jm.common.entity_display.dots, showSelf=true, locationFormat=xzyv, playerDisplay=jm.common.entity_display.dots, mobDisplayScale=1.0, selfDisplayScale=1.0, showGrid=true, showMouseLoc=true, showWaypoints=true, showCaves=true, showAnimals=true, showMobHeading=true, showWaypointLabels=true, locationFormatVerbose=true, fontScale=1.0}
WaypointProperties{state=Valid, file=journeymap.waypoint.config, configVersion=5.10.3, autoRemoveDeathpointDistance=2, dateFormat=MM-dd-yyyy, autoRemoveDeathpoints=false, fullscreenDoubleClickToCreate=true, managerDimensionFocus=false, minDistance=4, boldLabel=false, textureSmall=true, showDeathpointlabel=true, beaconEnabled=true, createDeathpoints=true, showName=true, disableStrikeThrough=false, maxDistance=0, autoHideLabel=true, autoRemoveTempWaypoints=2, teleportCommand=/tp {name} {x} {y} {z}, showStaticBeam=true, shaderBeacon=false, timeFormat=HH:mm:ss, showDeviationLabel=false, showDistance=true, showRotatingBeam=true, fontScale=2.0, showTexture=true, managerEnabled=true}
WebMapProperties{state=Valid, file=journeymap.webmap.config, configVersion=5.10.3, port=8080, enabled=false}
CoreProperties{state=Valid, file=journeymap.core.config, configVersion=5.10.3, verboseColorPalette=false, maxPlayersData=32, mapSurfaceAboveCaves=true, dataCachingEnabled=true, optionsManagerViewed=5.10.3, announceMod=true, colorPassive=#bbbbbb, mapBlendWater=false, renderDistanceSurfaceMax=0, seedId=false, radarVerticalDistance=16, mapBlendGrass=true, recordCacheStats=false, hideSneakingEntities=true, revealShape=jm.minimap.shape_circle, mapBiome=true, alwaysMapSurface=false, colorVillager=#88e188, mapPlants=false, colorPet=#0077ff, radarLateralDistance=64, mapBathymetry=false, mapCrops=true, maxMobsData=32, mapPlantShadows=false, alwaysMapCaves=false, checkUpdates=true, mapBlendFoliage=true, hideSpectators=false, mappingEnabled=true, colorPlayer=#ffffff, tileHighDisplayQuality=true, cacheVillagersData=2200, logLevel=INFO, maxVillagersData=32, mapWaterBiomeColors=false, maxAnimalsData=32, mapTransparency=true, caveBlackAsClear=false, tileRenderType=1, caveIgnoreGlass=true, mapTopography=true, renderDistanceCaveMax=0, mapAntialiasing=true, colorSelf=#0000ff, cachePlayersData=2000, cacheMobsData=3000, cachePlayerData=1000, splashViewed=5.10.3, colorHostile=#ff0000, cacheAnimalsData=3100, themeName=OceanMonument, mapCaveLighting=true, renderDelay=2, glErrorChecking=false, autoMapPoll=2000}
[19:46:05] [Render thread/DEBUG] [ForgeEventHandlerManager] Handler registered: journeymap.client.event.forge.ForgeKeyEvents
[19:46:05] [Render thread/DEBUG] [ForgeEventHandlerManager] Handler registered: journeymap.client.event.forge.ForgeChatEvents
[19:46:05] [Render thread/DEBUG] [ForgeEventHandlerManager] Handler registered: journeymap.client.event.forge.ForgeHudOverlayEvents
[19:46:05] [Render thread/DEBUG] [ForgeEventHandlerManager] Handler registered: journeymap.client.event.forge.ForgeWorldEvent
[19:46:05] [Render thread/DEBUG] [ForgeEventHandlerManager] Handler registered: journeymap.client.event.forge.ForgeChunkEvents
[19:46:05] [Render thread/DEBUG] [ForgeEventHandlerManager] Handler registered: journeymap.client.event.forge.ForgeClientTickEvent
[19:46:05] [Render thread/DEBUG] [ForgeEventHandlerManager] Handler registered: journeymap.client.event.forge.ForgeRenderLevelLastEvent
[19:46:05] [Render thread/DEBUG] [ForgeEventHandlerManager] Handler registered: journeymap.client.event.forge.ForgeLoggedInEvent
[19:46:05] [Render thread/DEBUG] [ForgeEventHandlerManager] Handler registered: journeymap.client.event.forge.ForgeTextureStitchedEvent
[19:46:05] [Render thread/DEBUG] [ForgeEventHandlerManager] Handler registered: journeymap.client.event.forge.ForgePopupCustomEvents
[19:46:05] [Render thread/INFO] [JourneymapClient] initialize EXIT, elapsed count 1 avg 110.23ms
[19:46:17] [Render thread/INFO] [JourneymapClient] Journeymap PostInit
[19:46:17] [Render thread/DEBUG] [JourneymapClient] postInitialize ENTER
[19:46:17] [Render thread/TRACE] [ThemeLoader] Initializing themes ...
[19:46:18] [Render thread/INFO] [ThemeLoader] Preloaded theme textures: 73
[19:46:18] [Render thread/INFO] [JourneymapClient] postInitialize EXIT, elapsed count 1 avg 152.15ms
[19:49:34] [Netty Client IO #1/INFO] [ForgeConfig] Loading JourneyMap Forge Configs
[19:49:43] [Render thread/INFO] [WaypointStore] Loaded 0 waypoints from C:\Users\Silvaria Zemaitis\AppData\Roaming\PrismLauncher\instances\IridescentCraft\.minecraft\journeymap\data\mp\Iridescentcraft\waypoints
[19:49:43] [Render thread/INFO] [JourneymapClient] Mapping started in C:\Users\Silvaria Zemaitis\AppData\Roaming\PrismLauncher\instances\IridescentCraft\.minecraft\journeymap\data\mp\Iridescentcraft\overworld. Memory: 7984MB total, 3943MB free 
[19:49:46] [Render thread/INFO] [JourneymapClient] Mapping halted in C:\Users\Silvaria Zemaitis\AppData\Roaming\PrismLauncher\instances\IridescentCraft\.minecraft\journeymap\data\mp\Iridescentcraft\minecraft:overworld
[19:49:46] [Render thread/INFO] [JourneymapClient] World UID is set to: 52a87c75-7953-42ef-8ede-f1c588db97c2
[19:50:05] [Render thread/INFO] [ModBlockDelegate] Custom modded block handling enabled for create
[19:50:05] [Render thread/INFO] [ModBlockDelegate] Custom modded block handling enabled for biomesoplenty
[19:50:05] [Render thread/WARN] [JMLogger] Can't get entityTexture for alexsmobs:textures/entity_icon/gazelle.png
[19:50:05] [Render thread/WARN] [JMLogger] Can't get entityTexture for naturalist:textures/entity_icon/boar.png
[19:50:05] [Render thread/WARN] [JMLogger] Can't get entityTexture for ars_nouveau:textures/entity_icon/whirlisprig_summer.png
[19:50:06] [Render thread/INFO] [WaypointStore] Loaded 0 waypoints from C:\Users\Silvaria Zemaitis\AppData\Roaming\PrismLauncher\instances\IridescentCraft\.minecraft\journeymap\data\mp\Iridescentcraft_52a87c75~7953~42ef~8ede~f1c588db97c2\waypoints
[19:50:06] [Render thread/INFO] [JourneymapClient] Mapping started in C:\Users\Silvaria Zemaitis\AppData\Roaming\PrismLauncher\instances\IridescentCraft\.minecraft\journeymap\data\mp\Iridescentcraft_52a87c75~7953~42ef~8ede~f1c588db97c2\overworld. Memory: 8640MB total, 2392MB free 
[19:50:06] [Render thread/INFO] [ChatLog] JourneyMap: Press [J]
[19:50:10] [Render thread/WARN] [JMLogger] terramity:textures/entities/fairygreen.png doesn't have /entity/ in path, so can't look for /entity_icon/
[19:50:13] [Render thread/INFO] [JourneymapClient] Mapping halted in C:\Users\Silvaria Zemaitis\AppData\Roaming\PrismLauncher\instances\IridescentCraft\.minecraft\journeymap\data\mp\Iridescentcraft_52a87c75~7953~42ef~8ede~f1c588db97c2\minecraft:overworld
[19:50:14] [Render thread/INFO] [MappingMonitorTask] World ID has been reset.
[19:50:14] [Render thread/INFO] [JourneymapClient] World UID is set to: null
[20:01:56] [Netty Client IO #3/INFO] [ForgeConfig] Loading JourneyMap Forge Configs
[20:02:05] [Render thread/INFO] [WaypointStore] Loaded 0 waypoints from C:\Users\Silvaria Zemaitis\AppData\Roaming\PrismLauncher\instances\IridescentCraft\.minecraft\journeymap\data\mp\Iridescentcraft\waypoints
[20:02:05] [Render thread/INFO] [JourneymapClient] Mapping started in C:\Users\Silvaria Zemaitis\AppData\Roaming\PrismLauncher\instances\IridescentCraft\.minecraft\journeymap\data\mp\Iridescentcraft\overworld. Memory: 8640MB total, 2446MB free 
[20:02:21] [Render thread/INFO] [JourneymapClient] Mapping halted in C:\Users\Silvaria Zemaitis\AppData\Roaming\PrismLauncher\instances\IridescentCraft\.minecraft\journeymap\data\mp\Iridescentcraft\minecraft:overworld
[20:02:21] [Render thread/INFO] [JourneymapClient] World UID is set to: 25175b3f-429a-4218-a8e6-154d633f64f9
[20:02:22] [Render thread/INFO] [WaypointStore] Loaded 0 waypoints from C:\Users\Silvaria Zemaitis\AppData\Roaming\PrismLauncher\instances\IridescentCraft\.minecraft\journeymap\data\mp\Iridescentcraft_25175b3f~429a~4218~a8e6~154d633f64f9\waypoints
[20:02:22] [Render thread/INFO] [JourneymapClient] Mapping started in C:\Users\Silvaria Zemaitis\AppData\Roaming\PrismLauncher\instances\IridescentCraft\.minecraft\journeymap\data\mp\Iridescentcraft_25175b3f~429a~4218~a8e6~154d633f64f9\overworld. Memory: 8640MB total, 2831MB free 
[20:02:43] [Render thread/WARN] [JMLogger] Can't get entityTexture for naturalist:textures/entity_icon/bird/canary.png
[20:02:43] [Render thread/WARN] [JMLogger] Can't get entityTexture for irons_spellbooks:textures/entity_icon/priest/priest_armored.png
[20:02:43] [Render thread/WARN] [JMLogger] Can't get entityTexture for pridemoths:textures/entity_icon/moth.png
[20:02:43] [Render thread/WARN] [JMLogger] Can't get entityTexture for pridemoths:textures/entity_icon/baby/moth.png
[20:02:43] [Render thread/WARN] [JMLogger] terramity:textures/entities/fairypink.png doesn't have /entity/ in path, so can't look for /entity_icon/
[20:02:47] [Render thread/WARN] [JMLogger] Can't get entityTexture for naturalist:textures/entity_icon/snail/brown.png
[20:02:47] [Render thread/WARN] [JMLogger] terramity:textures/entities/fairyblue.png doesn't have /entity/ in path, so can't look for /entity_icon/
[20:02:54] [Render thread/WARN] [JMLogger] Can't get entityTexture for ars_nouveau:textures/entity_icon/starbuncle_magenta.png
[20:02:54] [Render thread/WARN] [JMLogger] Can't get entityTexture for ars_nouveau:textures/entity_icon/starbuncle_light_blue.png
